%!Adobe-FontList 1.13
%Locale:0x409

%BeginFont
Handler:DirectoryHandler
FontType:Type1
FontName:MinionPro-Regular
FamilyName:Minion Pro
StyleName:Regular
MenuName:Minion Pro
StyleBits:0
WeightClass:400
WidthClass:5
AngleClass:0
FullName:Minion Pro
WritingScript:Roman
OutlineFileName:\MinionPro-Regular.otf
DataFormat:sfntData
UsesStandardEncoding:yes
isCFF:yes
FileLength:217280
FileModTime:1338491201
DesignSize:110
%EndFont

%BeginFont
Handler:DirectoryHandler
FontType:Type1
FontName:Noot
FamilyName:Noot
StyleName:Regular
MenuName:Noot
StyleBits:0
WeightClass:400
WidthClass:5
AngleClass:0
FullName:Noot Regular
FamilyNameNative:
StyleNameNative:Regular
FullNameNative:
WritingScript:Hebrew
OutlineFileName:\Noot.otf
DataFormat:sfntData
UsesStandardEncoding:yes
isCFF:yes
FileLength:27176
FileModTime:1341940080
%EndFont

%BeginFont
Handler:DirectoryHandler
FontType:Type1
FontName:NootJ
FamilyName:NootJumpy
StyleName:Regular
MenuName:NootJ
StyleBits:0
WeightClass:400
WidthClass:5
AngleClass:0
FullName:NootJ Regular
FamilyNameNative:
StyleNameNative:Regular
FullNameNative:
WritingScript:Hebrew
OutlineFileName:\NootJ.otf
DataFormat:sfntData
UsesStandardEncoding:yes
isCFF:yes
FileLength:21224
FileModTime:1339872784
%EndFont

